// Jest Snapshot v1, https://goo.gl/fbAQLP

exports[`<Header /> should render and match the snapshot 1`] = `
<body>
  <div>
    <header
      class="Header__StyledHeader-wp2jxc-0 jLYkpu"
      data-testid="header"
    >
      <img
        alt="logo"
        class="Header__Logo-wp2jxc-1 hfVwon"
        src="IMAGE_MOCK"
      />
      <p
        class="Header__Title-wp2jxc-2 bkjpmc"
      >
        Wednesday Solutions
      </p>
    </header>
  </div>
</body>
`;
